<?xml version="1.0" encoding="UTF-8"?>
<TestRun id="da596bbf-51e7-4dc0-b0de-c104d17ea367" name="jason@JASON-PC 2016-06-01 11:39:18" runUser="jason-PC\jason" xmlns="http://microsoft.com/schemas/VisualStudio/TeamTest/2010">
  <TestSettings name="Local" id="60e1f095-4ffb-4f44-9c5b-8387eb1ff103">
    <Description>These are default test settings for a local test run.</Description>
    <Deployment enabled="false" runDeploymentRoot="jason_JASON-PC 2016-06-01 11_39_18" />
    <Execution>
      <TestTypeSpecific />
      <AgentRule name="Execution Agents">
      </AgentRule>
    </Execution>
  </TestSettings>
  <Times creation="2016-06-01T11:39:18.1547415+01:00" queuing="2016-06-01T11:39:19.0897950+01:00" start="2016-06-01T11:39:19.1567989+01:00" finish="2016-06-01T11:39:35.8447534+01:00" />
  <ResultSummary outcome="Error">
    <Counters total="1" executed="1" error="0" failed="0" timeout="0" aborted="1" inconclusive="0" passedButRunAborted="0" notRunnable="0" notExecuted="0" disconnected="0" warning="0" passed="0" completed="0" inProgress="0" pending="0" />
    <RunInfos>
      <RunInfo computerName="JASON-PC" outcome="Error" timestamp="2016-06-01T11:39:35.8407531+01:00">
        <Text>Test host process exited unexpectedly.</Text>
      </RunInfo>
    </RunInfos>
  </ResultSummary>
  <TestDefinitions>
    <UnitTest name="TestMethod1" storage="c:\users\jason\documents\github\triangle\triangletest\triangletest\bin\debug\triangletest.dll" id="dc55f0bc-f101-470d-1541-4a85a3a70441">
      <Execution id="9afdc4dc-58e0-497c-ac1a-8c68a26a237e" />
      <TestMethod codeBase="C:/Users/jason/Documents/GitHub/Triangle/TriangleTest/TriangleTest/bin/Debug/TriangleTest.DLL" adapterTypeName="Microsoft.VisualStudio.TestTools.TestTypes.Unit.UnitTestAdapter, Microsoft.VisualStudio.QualityTools.Tips.UnitTest.Adapter, Version=10.0.0.0, Culture=neutral, PublicKeyToken=b03f5f7f11d50a3a" className="TriangleTest.UnitTest1, TriangleTest, Version=1.0.0.0, Culture=neutral, PublicKeyToken=null" name="TestMethod1" />
    </UnitTest>
  </TestDefinitions>
  <TestLists>
    <TestList name="Results Not in a List" id="8c84fa94-04c1-424b-9868-57a2d4851a1d" />
    <TestList name="All Loaded Results" id="19431567-8539-422a-85d7-44ee4e166bda" />
  </TestLists>
  <TestEntries>
    <TestEntry testId="dc55f0bc-f101-470d-1541-4a85a3a70441" executionId="9afdc4dc-58e0-497c-ac1a-8c68a26a237e" testListId="8c84fa94-04c1-424b-9868-57a2d4851a1d" />
  </TestEntries>
  <Results>
    <UnitTestResult executionId="9afdc4dc-58e0-497c-ac1a-8c68a26a237e" testId="dc55f0bc-f101-470d-1541-4a85a3a70441" testName="TestMethod1" computerName="JASON-PC" duration="00:00:16.6549526" startTime="2016-06-01T11:39:19.1888007+01:00" endTime="2016-06-01T11:39:35.8437533+01:00" testType="13cdc9d9-ddb5-4fa4-a97d-d965ccfc6d4b" outcome="Aborted" testListId="8c84fa94-04c1-424b-9868-57a2d4851a1d" relativeResultsDirectory="9afdc4dc-58e0-497c-ac1a-8c68a26a237e">
    </UnitTestResult>
  </Results>
</TestRun>